
> vigorous-velocity@0.0.1 build
> astro build

[2m02:06:18[22m [34m[content][39m Syncing content
[2m02:06:18[22m [34m[content][39m Synced content
[2m02:06:18[22m [34m[types][39m Generated [2m279ms[22m
[2m02:06:18[22m [34m[build][39m output: [34m"static"[39m
[2m02:06:18[22m [34m[build][39m mode: [34m"static"[39m
[2m02:06:18[22m [34m[build][39m directory: [34mC:\Users\Calta\Desktop\Delogo\dist\[39m
[2m02:06:18[22m [34m[build][39m Collecting build info...
[2m02:06:18[22m [34m[build][39m [32mÔ£ô Completed in 296ms.[39m
[2m02:06:18[22m [34m[build][39m Building static entrypoints...
02:06:18 [ERROR] [vite] Ô£ù Build failed in 347ms
Could not resolve "../asset/images/Delogo-Hero-Mobile.jpeg" from "src/components/Hero.astro"
file: C:/Users/Calta/Desktop/Delogo/src/components/Hero.astro
  Stack trace:
    at getRollupError (file:///C:/Users/Calta/Desktop/Delogo/node_modules/rollup/dist/es/shared/parseAst.js:402:41)
    at ModuleLoader.handleInvalidResolvedId (file:///C:/Users/Calta/Desktop/Delogo/node_modules/rollup/dist/es/shared/node-entry.js:21687:24)
